2026-09-10 12:14:50.117 [main] INFO  Freerouting v1.9.0 (build-date: 2023-10-30)
2026-09-10 12:14:51.415 [main] INFO  Opening 'atc-roip-gateway.dsn'...
2026-09-10 12:14:52.614 [ForkJoinPool.commonPool-worker-1] INFO  New version available: v2.4.1
2026-09-10 12:15:13.462 [Thread-1] INFO  Starting auto-routing...
2026-09-10 12:17:26.039 [Thread-1] INFO  Auto-routing was completed in 2 minute(s) 12.57 seconds.
2026-09-10 12:17:26.167 [Thread-1] INFO  Starting route optimization on 1 thread...
2026-09-10 12:18:02.491 [Thread-1] INFO  Route optimization was completed in 36.32 seconds.
2026-09-10 12:18:02.567 [Thread-1] INFO  Saving 'atc-roip-gateway.ses'...
2026-09-10 12:20:22.413 [main] INFO  Freerouting v1.9.0 (build-date: 2023-10-30)
2026-09-10 12:20:22.599 [main] INFO  Settings were loaded from freerouting.json
2026-09-10 12:20:23.662 [main] INFO  Opening 'atc-roip-gateway-r2.dsn'...
2026-09-10 12:20:24.744 [ForkJoinPool.commonPool-worker-1] INFO  New version available: v2.4.1
2026-09-10 12:20:38.116 [Thread-1] INFO  Starting auto-routing...
2026-09-10 12:20:42.204 [Thread-1] INFO  Auto-routing was completed in 4.09 seconds.
2026-09-10 12:20:42.318 [Thread-1] INFO  Starting route optimization on 1 thread...
2026-09-10 12:20:47.450 [Thread-1] INFO  Route optimization was completed in 5.13 seconds.
2026-09-10 12:20:47.472 [Thread-1] INFO  Saving 'atc-roip-gateway-r2.ses'...
2026-09-10 12:25:18.441 [main] INFO  Freerouting v1.9.0 (build-date: 2023-10-30)
2026-09-10 12:25:18.517 [main] INFO  Settings were loaded from freerouting.json
2026-09-10 12:25:19.583 [main] INFO  Opening 'atc-roip-gateway-clean.dsn'...
2026-09-10 12:25:21.155 [ForkJoinPool.commonPool-worker-1] INFO  New version available: v2.4.1
2026-09-10 12:25:24.477 [Thread-1] INFO  Starting auto-routing...
2026-09-10 12:25:44.041 [Thread-1] INFO  Auto-routing was completed in 19.56 seconds.
2026-09-10 12:25:44.152 [Thread-1] INFO  Starting route optimization on 1 thread...
2026-09-10 12:25:55.162 [Thread-1] INFO  Route optimization was completed in 11.01 seconds.
2026-09-10 12:25:55.179 [Thread-1] INFO  Saving 'atc-roip-gateway-clean.ses'...
