** Drc report for atc-roip-gateway.kicad_pcb **
** Created on 2026-09-10T12:51:09 **
** Report includes: Errors, Warnings **

** Found 13 DRC violations **
[silk_edge_clearance]: Silkscreen clipped by board edge
    Rule: board setup constraints silk; warning
    @(100.0000 mm, 195.0000 mm): Segment on Edge.Cuts
    @(96.1700 mm, 128.4700 mm): Segment of J4 on F.Silkscreen
[silk_edge_clearance]: Silkscreen clipped by board edge
    Rule: board setup constraints silk; warning
    @(100.0000 mm, 195.0000 mm): Segment on Edge.Cuts
    @(108.6100 mm, 144.4200 mm): Segment of J4 on F.Silkscreen
[silk_overlap]: Silkscreen clearance
    Rule: board setup constraints silk; warning
    @(196.0000 mm, 187.1250 mm): Reference field of H4
    @(196.2600 mm, 187.6300 mm): Segment of C3 on F.Silkscreen
[silk_overlap]: Silkscreen clearance
    Rule: board setup constraints silk; warning
    @(196.8050 mm, 165.6550 mm): Reference field of U8
    @(194.1600 mm, 165.3700 mm): Segment of U7 on F.Silkscreen
[silk_overlap]: Silkscreen clearance
    Rule: board setup constraints silk; warning
    @(194.1600 mm, 158.8700 mm): Segment of U6 on F.Silkscreen
    @(196.8050 mm, 159.1550 mm): Reference field of U7
[silk_overlap]: Silkscreen clearance
    Rule: board setup constraints silk; warning
    @(196.8050 mm, 172.1550 mm): Reference field of U9
    @(194.1600 mm, 171.8700 mm): Segment of U8 on F.Silkscreen
[silk_overlap]: Silkscreen clearance
    Rule: board setup constraints silk; warning
    @(124.4300 mm, 119.6950 mm): Reference field of C24
    @(122.5700 mm, 119.6950 mm): Reference field of R17
[silk_overlap]: Silkscreen clearance
    Rule: board setup constraints silk; warning
    @(105.0000 mm, 185.7250 mm): Reference field of H3
    @(112.6200 mm, 185.3200 mm): Segment of J1 on F.Silkscreen
[silk_over_copper]: Silkscreen clipped by solder mask
    Local override; warning
    @(191.8575 mm, 178.1450 mm): Reference field of C3
    @(193.0000 mm, 177.0400 mm): PTH pad 2 [HF_COR_LO] of U9
[silk_over_copper]: Silkscreen clipped by solder mask
    Local override; warning
    @(110.0000 mm, 145.5950 mm): Reference field of C26
    @(110.2100 mm, 144.2200 mm): PTH pad SH [GND] of J4
[silk_over_copper]: Silkscreen clipped by solder mask
    Local override; warning
    @(124.0000 mm, 143.4450 mm): Reference field of C25
    @(124.0000 mm, 142.8250 mm): Pad 1 [+3V3] of R15 on F.Cu
[silk_over_copper]: Silkscreen clipped by solder mask
    Local override; warning
    @(135.0000 mm, 123.6950 mm): Reference field of R12
    @(135.0000 mm, 122.7750 mm): Pad 1 [+3V3] of C41 on F.Cu
[silk_over_copper]: Silkscreen clipped by solder mask
    Local override; warning
    @(124.4300 mm, 123.6950 mm): Reference field of R11
    @(124.4300 mm, 122.7750 mm): Pad 1 [VDDCR] of C24 on F.Cu

** Found 0 unconnected pads **

** Found 0 Footprint errors **

** Ignored checks **
    - Footprint has no courtyard defined
    - Track endpoint not centered on via
    - Tuning profile track geometries
    - Footprint doesn't match symbol's footprint filters
    - Footprint component type doesn't match footprint pads

** End of Report **
